apiVersion: networking.k8s.io/v1
kind: NetworkPolicy
metadata:
  creationTimestamp: null
  labels:
    managed-by: knorten.knada.io
  name: test-policy
  namespace: test-namespace
spec:
  podSelector:
    matchLabels:
      app: test-app
