apiVersion: networking.gke.io/v1
kind: HealthCheckPolicy
metadata:
  creationTimestamp: null
  name: test-policy
  namespace: test-namespace
spec: {}
