apiVersion: gateway.networking.k8s.io/v1beta1
kind: HTTPRoute
metadata:
  labels:
    managed-by: knorten.knada.io
  name: test-route
  namespace: test-namespace
spec:
  hostnames:
  - hostname.example.com
  parentRefs:
  - group: gateway.networking.k8s.io
    kind: Gateway
    name: knada-io
    namespace: knada-system
  rules:
  - backendRefs:
    - group: ""
      kind: Service
      name: proxy-public
      port: 80
status:
  parents: null
