apiVersion: v1
kind: Namespace
metadata:
  creationTimestamp: null
  labels:
    managed-by: knorten.knada.io
    team-namespace: "true"
  name: test
spec: {}
status: {}
