apiVersion: v1
kind: Namespace
metadata:
  labels:
    managed-by: knorten.knada.io
  name: test
spec: {}
status: {}
