apiVersion: v1
kind: Secret
metadata:
  creationTimestamp: null
  labels:
    managed-by: knorten.knada.io
  name: test
  namespace: test-namespace
stringData:
  key: value
