apiVersion: v1
kind: ServiceAccount
metadata:
  labels:
    managed-by: knorten.knada.io
  name: test
  namespace: test-namespace
