apiVersion: v1
kind: ServiceAccount
metadata:
  annotations:
    iam.gke.io/gcp-service-account: test-team@test-gcp-project.iam.gserviceaccount.com
  creationTimestamp: null
  name: test
  namespace: test-namespace
